=== DAGGER start 2026-07-29T14:45:17Z ===
generating 2000 guided trajectories for aggregation
We strongly recommend passing in an `attention_mask` since your input_ids may be padded. See https://huggingface.co/docs/transformers/troubleshooting#incorrect-output-when-padding-tokens-arent-masked.
No module named 'fast_transformers': Falling back to (slow) pytorch implementation.
No module named 'fast_transformers': Falling back to (slow) pytorch implementation.
No module named 'fast_transformers': Falling back to (slow) pytorch implementation.
No module named 'fast_transformers': Falling back to (slow) pytorch implementation.
No module named 'fast_transformers': Falling back to (slow) pytorch implementation.
No module named 'fast_transformers': Falling back to (slow) pytorch implementation.
No module named 'fast_transformers': Falling back to (slow) pytorch implementation.
No module named 'fast_transformers': Falling back to (slow) pytorch implementation.
No module named 'fast_transformers': Falling back to (slow) pytorch implementation.
No module named 'fast_transformers': Falling back to (slow) pytorch implementation.
No module named 'fast_transformers': Falling back to (slow) pytorch implementation.
No module named 'fast_transformers': Falling back to (slow) pytorch implementation.
No module named 'fast_transformers': Falling back to (slow) pytorch implementation.
No module named 'fast_transformers': Falling back to (slow) pytorch implementation.
No module named 'fast_transformers': Falling back to (slow) pytorch implementation.
No module named 'fast_transformers': Falling back to (slow) pytorch implementation.
No module named 'fast_transformers': Falling back to (slow) pytorch implementation.
No module named 'fast_transformers': Falling back to (slow) pytorch implementation.
No module named 'fast_transformers': Falling back to (slow) pytorch implementation.
No module named 'fast_transformers': Falling back to (slow) pytorch implementation.
No module named 'fast_transformers': Falling back to (slow) pytorch implementation.
No module named 'fast_transformers': Falling back to (slow) pytorch implementation.
No module named 'fast_transformers': Falling back to (slow) pytorch implementation.
No module named 'fast_transformers': Falling back to (slow) pytorch implementation.
No module named 'fast_transformers': Falling back to (slow) pytorch implementation.
No module named 'fast_transformers': Falling back to (slow) pytorch implementation.
No module named 'fast_transformers': Falling back to (slow) pytorch implementation.
No module named 'fast_transformers': Falling back to (slow) pytorch implementation.
No module named 'fast_transformers': Falling back to (slow) pytorch implementation.
No module named 'fast_transformers': Falling back to (slow) pytorch implementation.
No module named 'fast_transformers': Falling back to (slow) pytorch implementation.
No module named 'fast_transformers': Falling back to (slow) pytorch implementation.
No module named 'fast_transformers': Falling back to (slow) pytorch implementation.
No module named 'fast_transformers': Falling back to (slow) pytorch implementation.
No module named 'fast_transformers': Falling back to (slow) pytorch implementation.
No module named 'fast_transformers': Falling back to (slow) pytorch implementation.
No module named 'fast_transformers': Falling back to (slow) pytorch implementation.
No module named 'fast_transformers': Falling back to (slow) pytorch implementation.
No module named 'fast_transformers': Falling back to (slow) pytorch implementation.
No module named 'fast_transformers': Falling back to (slow) pytorch implementation.
No module named 'fast_transformers': Falling back to (slow) pytorch implementation.
No module named 'fast_transformers': Falling back to (slow) pytorch implementation.
No module named 'fast_transformers': Falling back to (slow) pytorch implementation.
No module named 'fast_transformers': Falling back to (slow) pytorch implementation.
No module named 'fast_transformers': Falling back to (slow) pytorch implementation.
No module named 'fast_transformers': Falling back to (slow) pytorch implementation.
No module named 'fast_transformers': Falling back to (slow) pytorch implementation.
No module named 'fast_transformers': Falling back to (slow) pytorch implementation.
No module named 'fast_transformers': Falling back to (slow) pytorch implementation.
No module named 'fast_transformers': Falling back to (slow) pytorch implementation.
No module named 'fast_transformers': Falling back to (slow) pytorch implementation.
No module named 'fast_transformers': Falling back to (slow) pytorch implementation.
No module named 'fast_transformers': Falling back to (slow) pytorch implementation.
No module named 'fast_transformers': Falling back to (slow) pytorch implementation.
No module named 'fast_transformers': Falling back to (slow) pytorch implementation.
No module named 'fast_transformers': Falling back to (slow) pytorch implementation.
No module named 'fast_transformers': Falling back to (slow) pytorch implementation.
No module named 'fast_transformers': Falling back to (slow) pytorch implementation.
No module named 'fast_transformers': Falling back to (slow) pytorch implementation.
No module named 'fast_transformers': Falling back to (slow) pytorch implementation.
No module named 'fast_transformers': Falling back to (slow) pytorch implementation.
No module named 'fast_transformers': Falling back to (slow) pytorch implementation.
No module named 'fast_transformers': Falling back to (slow) pytorch implementation.
No module named 'fast_transformers': Falling back to (slow) pytorch implementation.
No module named 'fast_transformers': Falling back to (slow) pytorch implementation.
No module named 'fast_transformers': Falling back to (slow) pytorch implementation.
No module named 'fast_transformers': Falling back to (slow) pytorch implementation.
No module named 'fast_transformers': Falling back to (slow) pytorch implementation.
No module named 'fast_transformers': Falling back to (slow) pytorch implementation.
No module named 'fast_transformers': Falling back to (slow) pytorch implementation.
No module named 'fast_transformers': Falling back to (slow) pytorch implementation.
No module named 'fast_transformers': Falling back to (slow) pytorch implementation.
No module named 'fast_transformers': Falling back to (slow) pytorch implementation.
No module named 'fast_transformers': Falling back to (slow) pytorch implementation.
No module named 'fast_transformers': Falling back to (slow) pytorch implementation.
No module named 'fast_transformers': Falling back to (slow) pytorch implementation.
No module named 'fast_transformers': Falling back to (slow) pytorch implementation.
No module named 'fast_transformers': Falling back to (slow) pytorch implementation.
No module named 'fast_transformers': Falling back to (slow) pytorch implementation.
No module named 'fast_transformers': Falling back to (slow) pytorch implementation.
No module named 'fast_transformers': Falling back to (slow) pytorch implementation.
No module named 'fast_transformers': Falling back to (slow) pytorch implementation.
No module named 'fast_transformers': Falling back to (slow) pytorch implementation.
No module named 'fast_transformers': Falling back to (slow) pytorch implementation.
No module named 'fast_transformers': Falling back to (slow) pytorch implementation.
No module named 'fast_transformers': Falling back to (slow) pytorch implementation.
No module named 'fast_transformers': Falling back to (slow) pytorch implementation.
No module named 'fast_transformers': Falling back to (slow) pytorch implementation.
No module named 'fast_transformers': Falling back to (slow) pytorch implementation.
No module named 'fast_transformers': Falling back to (slow) pytorch implementation.
No module named 'fast_transformers': Falling back to (slow) pytorch implementation.
No module named 'fast_transformers': Falling back to (slow) pytorch implementation.
No module named 'fast_transformers': Falling back to (slow) pytorch implementation.
No module named 'fast_transformers': Falling back to (slow) pytorch implementation.
No module named 'fast_transformers': Falling back to (slow) pytorch implementation.
No module named 'fast_transformers': Falling back to (slow) pytorch implementation.
No module named 'fast_transformers': Falling back to (slow) pytorch implementation.
No module named 'fast_transformers': Falling back to (slow) pytorch implementation.
No module named 'fast_transformers': Falling back to (slow) pytorch implementation.
No module named 'fast_transformers': Falling back to (slow) pytorch implementation.
No module named 'fast_transformers': Falling back to (slow) pytorch implementation.
No module named 'fast_transformers': Falling back to (slow) pytorch implementation.
No module named 'fast_transformers': Falling back to (slow) pytorch implementation.
No module named 'fast_transformers': Falling back to (slow) pytorch implementation.
No module named 'fast_transformers': Falling back to (slow) pytorch implementation.
No module named 'fast_transformers': Falling back to (slow) pytorch implementation.
No module named 'fast_transformers': Falling back to (slow) pytorch implementation.
No module named 'fast_transformers': Falling back to (slow) pytorch implementation.
No module named 'fast_transformers': Falling back to (slow) pytorch implementation.
No module named 'fast_transformers': Falling back to (slow) pytorch implementation.
No module named 'fast_transformers': Falling back to (slow) pytorch implementation.
No module named 'fast_transformers': Falling back to (slow) pytorch implementation.
No module named 'fast_transformers': Falling back to (slow) pytorch implementation.
No module named 'fast_transformers': Falling back to (slow) pytorch implementation.
No module named 'fast_transformers': Falling back to (slow) pytorch implementation.
No module named 'fast_transformers': Falling back to (slow) pytorch implementation.
No module named 'fast_transformers': Falling back to (slow) pytorch implementation.
No module named 'fast_transformers': Falling back to (slow) pytorch implementation.
No module named 'fast_transformers': Falling back to (slow) pytorch implementation.
No module named 'fast_transformers': Falling back to (slow) pytorch implementation.
No module named 'fast_transformers': Falling back to (slow) pytorch implementation.
No module named 'fast_transformers': Falling back to (slow) pytorch implementation.
No module named 'fast_transformers': Falling back to (slow) pytorch implementation.
No module named 'fast_transformers': Falling back to (slow) pytorch implementation.
No module named 'fast_transformers': Falling back to (slow) pytorch implementation.
No module named 'fast_transformers': Falling back to (slow) pytorch implementation.
No module named 'fast_transformers': Falling back to (slow) pytorch implementation.
No module named 'fast_transformers': Falling back to (slow) pytorch implementation.
No module named 'fast_transformers': Falling back to (slow) pytorch implementation.
No module named 'fast_transformers': Falling back to (slow) pytorch implementation.
No module named 'fast_transformers': Falling back to (slow) pytorch implementation.
No module named 'fast_transformers': Falling back to (slow) pytorch implementation.
No module named 'fast_transformers': Falling back to (slow) pytorch implementation.
No module named 'fast_transformers': Falling back to (slow) pytorch implementation.
No module named 'fast_transformers': Falling back to (slow) pytorch implementation.
No module named 'fast_transformers': Falling back to (slow) pytorch implementation.
No module named 'fast_transformers': Falling back to (slow) pytorch implementation.
No module named 'fast_transformers': Falling back to (slow) pytorch implementation.
No module named 'fast_transformers': Falling back to (slow) pytorch implementation.
No module named 'fast_transformers': Falling back to (slow) pytorch implementation.
No module named 'fast_transformers': Falling back to (slow) pytorch implementation.
No module named 'fast_transformers': Falling back to (slow) pytorch implementation.
No module named 'fast_transformers': Falling back to (slow) pytorch implementation.
No module named 'fast_transformers': Falling back to (slow) pytorch implementation.
No module named 'fast_transformers': Falling back to (slow) pytorch implementation.
No module named 'fast_transformers': Falling back to (slow) pytorch implementation.
No module named 'fast_transformers': Falling back to (slow) pytorch implementation.
No module named 'fast_transformers': Falling back to (slow) pytorch implementation.
No module named 'fast_transformers': Falling back to (slow) pytorch implementation.
No module named 'fast_transformers': Falling back to (slow) pytorch implementation.
No module named 'fast_transformers': Falling back to (slow) pytorch implementation.
No module named 'fast_transformers': Falling back to (slow) pytorch implementation.
No module named 'fast_transformers': Falling back to (slow) pytorch implementation.
No module named 'fast_transformers': Falling back to (slow) pytorch implementation.
No module named 'fast_transformers': Falling back to (slow) pytorch implementation.
No module named 'fast_transformers': Falling back to (slow) pytorch implementation.
No module named 'fast_transformers': Falling back to (slow) pytorch implementation.
No module named 'fast_transformers': Falling back to (slow) pytorch implementation.
No module named 'fast_transformers': Falling back to (slow) pytorch implementation.
No module named 'fast_transformers': Falling back to (slow) pytorch implementation.
No module named 'fast_transformers': Falling back to (slow) pytorch implementation.
No module named 'fast_transformers': Falling back to (slow) pytorch implementation.
No module named 'fast_transformers': Falling back to (slow) pytorch implementation.
No module named 'fast_transformers': Falling back to (slow) pytorch implementation.
No module named 'fast_transformers': Falling back to (slow) pytorch implementation.
No module named 'fast_transformers': Falling back to (slow) pytorch implementation.
No module named 'fast_transformers': Falling back to (slow) pytorch implementation.
No module named 'fast_transformers': Falling back to (slow) pytorch implementation.
No module named 'fast_transformers': Falling back to (slow) pytorch implementation.
No module named 'fast_transformers': Falling back to (slow) pytorch implementation.
No module named 'fast_transformers': Falling back to (slow) pytorch implementation.
No module named 'fast_transformers': Falling back to (slow) pytorch implementation.
No module named 'fast_transformers': Falling back to (slow) pytorch implementation.
No module named 'fast_transformers': Falling back to (slow) pytorch implementation.
No module named 'fast_transformers': Falling back to (slow) pytorch implementation.
No module named 'fast_transformers': Falling back to (slow) pytorch implementation.
No module named 'fast_transformers': Falling back to (slow) pytorch implementation.
No module named 'fast_transformers': Falling back to (slow) pytorch implementation.
No module named 'fast_transformers': Falling back to (slow) pytorch implementation.
No module named 'fast_transformers': Falling back to (slow) pytorch implementation.
No module named 'fast_transformers': Falling back to (slow) pytorch implementation.
No module named 'fast_transformers': Falling back to (slow) pytorch implementation.
No module named 'fast_transformers': Falling back to (slow) pytorch implementation.
No module named 'fast_transformers': Falling back to (slow) pytorch implementation.
No module named 'fast_transformers': Falling back to (slow) pytorch implementation.
No module named 'fast_transformers': Falling back to (slow) pytorch implementation.
No module named 'fast_transformers': Falling back to (slow) pytorch implementation.
No module named 'fast_transformers': Falling back to (slow) pytorch implementation.
No module named 'fast_transformers': Falling back to (slow) pytorch implementation.
No module named 'fast_transformers': Falling back to (slow) pytorch implementation.
No module named 'fast_transformers': Falling back to (slow) pytorch implementation.
No module named 'fast_transformers': Falling back to (slow) pytorch implementation.
No module named 'fast_transformers': Falling back to (slow) pytorch implementation.
No module named 'fast_transformers': Falling back to (slow) pytorch implementation.
No module named 'fast_transformers': Falling back to (slow) pytorch implementation.
No module named 'fast_transformers': Falling back to (slow) pytorch implementation.
No module named 'fast_transformers': Falling back to (slow) pytorch implementation.
No module named 'fast_transformers': Falling back to (slow) pytorch implementation.
No module named 'fast_transformers': Falling back to (slow) pytorch implementation.
No module named 'fast_transformers': Falling back to (slow) pytorch implementation.
No module named 'fast_transformers': Falling back to (slow) pytorch implementation.
No module named 'fast_transformers': Falling back to (slow) pytorch implementation.
No module named 'fast_transformers': Falling back to (slow) pytorch implementation.
No module named 'fast_transformers': Falling back to (slow) pytorch implementation.
No module named 'fast_transformers': Falling back to (slow) pytorch implementation.
No module named 'fast_transformers': Falling back to (slow) pytorch implementation.
No module named 'fast_transformers': Falling back to (slow) pytorch implementation.
No module named 'fast_transformers': Falling back to (slow) pytorch implementation.
No module named 'fast_transformers': Falling back to (slow) pytorch implementation.
No module named 'fast_transformers': Falling back to (slow) pytorch implementation.
No module named 'fast_transformers': Falling back to (slow) pytorch implementation.
No module named 'fast_transformers': Falling back to (slow) pytorch implementation.
No module named 'fast_transformers': Falling back to (slow) pytorch implementation.
No module named 'fast_transformers': Falling back to (slow) pytorch implementation.
No module named 'fast_transformers': Falling back to (slow) pytorch implementation.
No module named 'fast_transformers': Falling back to (slow) pytorch implementation.
No module named 'fast_transformers': Falling back to (slow) pytorch implementation.
No module named 'fast_transformers': Falling back to (slow) pytorch implementation.
No module named 'fast_transformers': Falling back to (slow) pytorch implementation.
No module named 'fast_transformers': Falling back to (slow) pytorch implementation.
No module named 'fast_transformers': Falling back to (slow) pytorch implementation.
No module named 'fast_transformers': Falling back to (slow) pytorch implementation.
No module named 'fast_transformers': Falling back to (slow) pytorch implementation.
No module named 'fast_transformers': Falling back to (slow) pytorch implementation.
No module named 'fast_transformers': Falling back to (slow) pytorch implementation.
No module named 'fast_transformers': Falling back to (slow) pytorch implementation.
No module named 'fast_transformers': Falling back to (slow) pytorch implementation.
No module named 'fast_transformers': Falling back to (slow) pytorch implementation.
No module named 'fast_transformers': Falling back to (slow) pytorch implementation.
No module named 'fast_transformers': Falling back to (slow) pytorch implementation.
No module named 'fast_transformers': Falling back to (slow) pytorch implementation.
No module named 'fast_transformers': Falling back to (slow) pytorch implementation.
No module named 'fast_transformers': Falling back to (slow) pytorch implementation.
No module named 'fast_transformers': Falling back to (slow) pytorch implementation.
No module named 'fast_transformers': Falling back to (slow) pytorch implementation.
No module named 'fast_transformers': Falling back to (slow) pytorch implementation.
No module named 'fast_transformers': Falling back to (slow) pytorch implementation.
No module named 'fast_transformers': Falling back to (slow) pytorch implementation.
No module named 'fast_transformers': Falling back to (slow) pytorch implementation.
No module named 'fast_transformers': Falling back to (slow) pytorch implementation.
No module named 'fast_transformers': Falling back to (slow) pytorch implementation.
No module named 'fast_transformers': Falling back to (slow) pytorch implementation.
No module named 'fast_transformers': Falling back to (slow) pytorch implementation.
No module named 'fast_transformers': Falling back to (slow) pytorch implementation.
No module named 'fast_transformers': Falling back to (slow) pytorch implementation.
No module named 'fast_transformers': Falling back to (slow) pytorch implementation.
No module named 'fast_transformers': Falling back to (slow) pytorch implementation.
No module named 'fast_transformers': Falling back to (slow) pytorch implementation.
No module named 'fast_transformers': Falling back to (slow) pytorch implementation.
No module named 'fast_transformers': Falling back to (slow) pytorch implementation.
No module named 'fast_transformers': Falling back to (slow) pytorch implementation.
No module named 'fast_transformers': Falling back to (slow) pytorch implementation.
aggregated 7976 guided prefixes from 1994 molecules
retrained head: best_val_nll=2.6732 at epoch 2
distribution shift: original head predicted 0.076 on guided prefixes, observed 0.267 (ECE 0.190 -> 0.176)
  original_head seed=101 hit=0.2682 err=0.7398 val=0.990
  original_head seed=202 hit=0.2255 err=0.7245 val=0.996
  original_head seed=303 hit=0.2495 err=0.7362 val=0.994
  retrained_head seed=101 hit=0.2824 err=0.6213 val=0.996
  retrained_head seed=202 hit=0.2686 err=0.6305 val=0.996
  retrained_head seed=303 hit=0.2838 err=0.6611 val=0.998

hit rate 0.2477 -> 0.2782 (+0.0305)
-> /Users/afloresep/work/property-to-go/outputs/pilot_50k_dagger_clogp
=== DAGGER done 2026-07-29T15:27:47Z ===
